02_Backup_Interim/run_1_Felix/week_detail_interim_80.csv
Simulation Number,comboID,Week,Price,Sales,Remaining Inventory
64,63,1,60,117,1883
64,63,2,60,88,1795
64,63,3,60,87,1708
64,63,4,60,84,1624
64,63,5,60,169,1455
64,63,6,60,159,1296
64,63,7,60,119,1177
64,63,8,60,170,1007
64,63,9,60,118,889
64,63,10,54,155,734
64,63,11,54,151,583
64,63,12,54,167,416
64,63,13,48,167,249
64,63,14,48,174,75
64,63,15,36,75,0
65,64,1,60,129,1871
65,64,2,60,152,1719
65,64,3,60,90,1629
65,64,4,60,125,1504
65,64,5,60,158,1346
65,64,6,60,150,1196
65,64,7,60,124,1072
65,64,8,60,116,956
65,64,9,60,56,900
65,64,10,54,123,777
65,64,11,54,218,559
65,64,12,54,201,358
65,64,13,48,260,98
65,64,14,36,98,0
65,64,15,36,0,0
66,65,1,60,72,1928
66,65,2,60,105,1823
66,65,3,60,77,1746
66,65,4,60,91,1655
66,65,5,60,44,1611
66,65,6,60,41,1570
66,65,7,60,64,1506
66,65,8,60,57,1449
66,65,9,60,50,1399
66,65,10,54,102,1297
66,65,11,54,88,1209
66,65,12,54,54,1155
66,65,13,36,128,1027
66,65,14,36,180,847
66,65,15,36,176,671
67,66,1,60,98,1902
67,66,2,60,118,1784
67,66,3,60,125,1659
67,66,4,60,31,1628
67,66,5,60,114,1514
67,66,6,60,101,1413
67,66,7,60,79,1334
67,66,8,60,82,1252
67,66,9,60,122,1130
67,66,10,54,98,1032
67,66,11,54,163,869
67,66,12,48,207,662
67,66,13,48,177,485
67,66,14,48,158,327
67,66,15,48,168,159
68,67,1,60,83,1917
68,67,2,60,100,1817
68,67,3,60,89,1728
68,67,4,60,27,1701
68,67,5,60,117,1584
68,67,6,60,21,1563
68,67,7,60,117,1446
68,67,8,60,99,1347
68,67,9,60,105,1242
68,67,10,54,107,1135
68,67,11,54,99,1036
68,67,12,48,198,838
68,67,13,48,106,732
68,67,14,48,170,562
68,67,15,36,214,348
69,68,1,60,91,1909
69,68,2,60,116,1793
69,68,3,60,137,1656
69,68,4,60,69,1587
69,68,5,60,71,1516
69,68,6,60,99,1417
69,68,7,60,111,1306
69,68,8,60,99,1207
69,68,9,60,103,1104
69,68,10,54,140,964
69,68,11,54,132,832
69,68,12,48,224,608
69,68,13,48,175,433
69,68,14,36,270,163
69,68,15,36,163,0
70,69,1,60,144,1856
70,69,2,60,164,1692
70,69,3,60,147,1545
70,69,4,60,105,1440
70,69,5,60,164,1276
70,69,6,60,168,1108
70,69,7,60,186,922
70,69,8,60,117,805
70,69,9,60,144,661
70,69,10,54,298,363
70,69,11,54,234,129
70,69,12,48,129,0
70,69,13,48,0,0
70,69,14,48,0,0
70,69,15,48,0,0
71,70,1,60,33,1967
71,70,2,60,19,1948
71,70,3,60,19,1929
71,70,4,60,34,1895
71,70,5,60,46,1849
71,70,6,60,31,1818
71,70,7,60,33,1785
71,70,8,60,42,1743
71,70,9,60,29,1714
71,70,10,54,48,1666
71,70,11,54,39,1627
71,70,12,36,84,1543
71,70,13,36,127,1416
71,70,14,36,54,1362
71,70,15,36,128,1234
72,71,1,60,105,1895
72,71,2,60,142,1753
72,71,3,60,113,1640
72,71,4,60,124,1516
72,71,5,60,49,1467
72,71,6,60,156,1311
72,71,7,60,97,1214
72,71,8,60,50,1164
72,71,9,60,96,1068
72,71,10,54,104,964
72,71,11,48,198,766
72,71,12,48,116,650
72,71,13,48,240,410
72,71,14,48,232,178
72,71,15,48,169,9
73,72,1,60,45,1955
73,72,2,60,18,1937
73,72,3,60,56,1881
73,72,4,60,45,1836
73,72,5,60,33,1803
73,72,6,60,49,1754
73,72,7,60,48,1706
73,72,8,60,15,1691
73,72,9,60,35,1656
73,72,10,54,53,1603
73,72,11,48,67,1536
73,72,12,48,29,1507
73,72,13,48,54,1453
73,72,14,48,120,1333
73,72,15,36,169,1164
74,73,1,60,65,1935
74,73,2,60,73,1862
74,73,3,60,75,1787
74,73,4,60,88,1699
74,73,5,60,66,1633
74,73,6,60,77,1556
74,73,7,60,56,1500
74,73,8,60,86,1414
74,73,9,60,49,1365
74,73,10,54,74,1291
74,73,11,48,142,1149
74,73,12,48,136,1013
74,73,13,48,38,975
74,73,14,36,311,664
74,73,15,36,191,473
75,74,1,60,41,1959
75,74,2,60,32,1927
75,74,3,60,45,1882
75,74,4,60,42,1840
75,74,5,60,36,1804
75,74,6,60,45,1759
75,74,7,60,44,1715
75,74,8,60,35,1680
75,74,9,60,39,1641
75,74,10,54,71,1570
75,74,11,48,103,1467
75,74,12,48,54,1413
75,74,13,36,94,1319
75,74,14,36,78,1241
75,74,15,36,119,1122
76,75,1,60,96,1904
76,75,2,60,78,1826
76,75,3,60,118,1708
76,75,4,60,106,1602
76,75,5,60,95,1507
76,75,6,60,66,1441
76,75,7,60,95,1346
76,75,8,60,86,1260
76,75,9,60,74,1186
76,75,10,54,128,1058
76,75,11,48,215,843
76,75,12,36,260,583
76,75,13,36,315,268
76,75,14,36,268,0
76,75,15,36,0,0
77,76,1,60,86,1914
77,76,2,60,65,1849
77,76,3,60,86,1763
77,76,4,60,107,1656
77,76,5,60,89,1567
77,76,6,60,82,1485
77,76,7,60,74,1411
77,76,8,60,45,1366
77,76,9,60,71,1295
77,76,10,54,90,1205
77,76,11,36,233,972
77,76,12,36,254,718
77,76,13,36,259,459
77,76,14,36,211,248
77,76,15,36,248,0
78,77,1,60,65,1935
78,77,2,60,65,1870
78,77,3,60,36,1834
78,77,4,60,67,1767
78,77,5,60,52,1715
78,77,6,60,45,1670
78,77,7,60,17,1653
78,77,8,60,77,1576
78,77,9,60,55,1521
78,77,10,48,189,1332
78,77,11,48,47,1285
78,77,12,48,128,1157
78,77,13,48,57,1100
78,77,14,48,63,1037
78,77,15,48,77,960
79,78,1,60,72,1928
79,78,2,60,64,1864
79,78,3,60,50,1814
79,78,4,60,83,1731
79,78,5,60,41,1690
79,78,6,60,81,1609
79,78,7,60,46,1563
79,78,8,60,61,1502
79,78,9,60,46,1456
79,78,10,48,127,1329
79,78,11,48,125,1204
79,78,12,48,136,1068
79,78,13,48,123,945
79,78,14,48,164,781
79,78,15,36,148,633
80,79,1,60,90,1910
80,79,2,60,128,1782
80,79,3,60,95,1687
80,79,4,60,60,1627
80,79,5,60,84,1543
80,79,6,60,103,1440
80,79,7,60,57,1383
80,79,8,60,88,1295
80,79,9,60,125,1170
80,79,10,48,53,1117
80,79,11,48,158,959
80,79,12,48,198,761
80,79,13,48,244,517
80,79,14,36,220,297
80,79,15,36,289,8
